Archive member included to satisfy reference by file (symbol)

c:/mounriver/mounriver_studio/toolchain/risc-v embedded gcc12/bin/../lib/gcc/riscv-none-elf/12.2.0/rv32ec_xw/ilp32e\libgcc.a(save-restore.o)
                              C:\Users\bklu\AppData\Local\Temp\ccESStXz.ltrans0.ltrans.o (__riscv_save_2)
c:/mounriver/mounriver_studio/toolchain/risc-v embedded gcc12/bin/../lib/gcc/riscv-none-elf/12.2.0/rv32ec_xw/ilp32e\libgcc.a(div.o)
                              C:\Users\bklu\AppData\Local\Temp\ccESStXz.ltrans0.ltrans.o (__divsi3)

Discarded input sections

 .text          0x0000000000000000        0x0 C:\Users\bklu\AppData\Local\Temp\ccESStXz.ltrans0.ltrans.o
 .data          0x0000000000000000        0x0 C:\Users\bklu\AppData\Local\Temp\ccESStXz.ltrans0.ltrans.o
 .bss           0x0000000000000000        0x0 C:\Users\bklu\AppData\Local\Temp\ccESStXz.ltrans0.ltrans.o
 .text._write   0x0000000000000000       0x82 C:\Users\bklu\AppData\Local\Temp\ccESStXz.ltrans0.ltrans.o
 .text._sbrk    0x0000000000000000       0x2e C:\Users\bklu\AppData\Local\Temp\ccESStXz.ltrans0.ltrans.o
 .bss.NVIC_Priority_Group
                0x0000000000000000        0x4 C:\Users\bklu\AppData\Local\Temp\ccESStXz.ltrans0.ltrans.o
 .data.curbrk.0
                0x0000000000000000        0x4 C:\Users\bklu\AppData\Local\Temp\ccESStXz.ltrans0.ltrans.o
 .comment       0x0000000000000000       0x32 C:\Users\bklu\AppData\Local\Temp\cc03J7fB.debug.temp.o
 .comment       0x0000000000000000       0x32 C:\Users\bklu\AppData\Local\Temp\ccEP97Dc.debug.temp.o
 .comment       0x0000000000000000       0x32 C:\Users\bklu\AppData\Local\Temp\ccCBKadN.debug.temp.o
 .comment       0x0000000000000000       0x32 C:\Users\bklu\AppData\Local\Temp\ccQzL7Sn.debug.temp.o
 .debug_info    0x0000000000000000      0x901 C:\Users\bklu\AppData\Local\Temp\ccoYW5GY.debug.temp.o
 .debug_abbrev  0x0000000000000000      0x14e C:\Users\bklu\AppData\Local\Temp\ccoYW5GY.debug.temp.o
 .debug_line    0x0000000000000000       0x68 C:\Users\bklu\AppData\Local\Temp\ccoYW5GY.debug.temp.o
 .debug_str     0x0000000000000000      0x751 C:\Users\bklu\AppData\Local\Temp\ccoYW5GY.debug.temp.o
 .debug_line_str
                0x0000000000000000      0x23c C:\Users\bklu\AppData\Local\Temp\ccoYW5GY.debug.temp.o
 .comment       0x0000000000000000       0x32 C:\Users\bklu\AppData\Local\Temp\ccoYW5GY.debug.temp.o
 .debug_info    0x0000000000000000      0x129 C:\Users\bklu\AppData\Local\Temp\ccIrKsJy.debug.temp.o
 .debug_abbrev  0x0000000000000000       0xbe C:\Users\bklu\AppData\Local\Temp\ccIrKsJy.debug.temp.o
 .debug_line    0x0000000000000000       0x55 C:\Users\bklu\AppData\Local\Temp\ccIrKsJy.debug.temp.o
 .debug_str     0x0000000000000000      0x20a C:\Users\bklu\AppData\Local\Temp\ccIrKsJy.debug.temp.o
 .debug_line_str
                0x0000000000000000      0x1dd C:\Users\bklu\AppData\Local\Temp\ccIrKsJy.debug.temp.o
 .comment       0x0000000000000000       0x32 C:\Users\bklu\AppData\Local\Temp\ccIrKsJy.debug.temp.o
 .debug_info    0x0000000000000000      0x394 C:\Users\bklu\AppData\Local\Temp\ccASFgR8.debug.temp.o
 .debug_abbrev  0x0000000000000000      0x135 C:\Users\bklu\AppData\Local\Temp\ccASFgR8.debug.temp.o
 .debug_line    0x0000000000000000       0x63 C:\Users\bklu\AppData\Local\Temp\ccASFgR8.debug.temp.o
 .debug_str     0x0000000000000000      0x3ba C:\Users\bklu\AppData\Local\Temp\ccASFgR8.debug.temp.o
 .debug_line_str
                0x0000000000000000      0x22d C:\Users\bklu\AppData\Local\Temp\ccASFgR8.debug.temp.o
 .comment       0x0000000000000000       0x32 C:\Users\bklu\AppData\Local\Temp\ccASFgR8.debug.temp.o
 .debug_info    0x0000000000000000      0x2ba C:\Users\bklu\AppData\Local\Temp\ccG0jo6I.debug.temp.o
 .debug_abbrev  0x0000000000000000       0xf8 C:\Users\bklu\AppData\Local\Temp\ccG0jo6I.debug.temp.o
 .debug_line    0x0000000000000000       0x63 C:\Users\bklu\AppData\Local\Temp\ccG0jo6I.debug.temp.o
 .debug_str     0x0000000000000000      0x353 C:\Users\bklu\AppData\Local\Temp\ccG0jo6I.debug.temp.o
 .debug_line_str
                0x0000000000000000      0x230 C:\Users\bklu\AppData\Local\Temp\ccG0jo6I.debug.temp.o
 .comment       0x0000000000000000       0x32 C:\Users\bklu\AppData\Local\Temp\ccG0jo6I.debug.temp.o
 .debug_info    0x0000000000000000      0x6c2 C:\Users\bklu\AppData\Local\Temp\ccijPGii.debug.temp.o
 .debug_abbrev  0x0000000000000000      0x1b2 C:\Users\bklu\AppData\Local\Temp\ccijPGii.debug.temp.o
 .debug_line    0x0000000000000000       0x63 C:\Users\bklu\AppData\Local\Temp\ccijPGii.debug.temp.o
 .debug_str     0x0000000000000000      0x67a C:\Users\bklu\AppData\Local\Temp\ccijPGii.debug.temp.o
 .debug_line_str
                0x0000000000000000      0x233 C:\Users\bklu\AppData\Local\Temp\ccijPGii.debug.temp.o
 .comment       0x0000000000000000       0x32 C:\Users\bklu\AppData\Local\Temp\ccijPGii.debug.temp.o
 .comment       0x0000000000000000       0x32 C:\Users\bklu\AppData\Local\Temp\cciamyHR.debug.temp.o
 .comment       0x0000000000000000       0x32 C:\Users\bklu\AppData\Local\Temp\ccI4ljer.debug.temp.o
 .debug_info    0x0000000000000000      0x216 C:\Users\bklu\AppData\Local\Temp\cc8ovaX0.debug.temp.o
 .debug_abbrev  0x0000000000000000       0xf2 C:\Users\bklu\AppData\Local\Temp\cc8ovaX0.debug.temp.o
 .debug_line    0x0000000000000000       0x5e C:\Users\bklu\AppData\Local\Temp\cc8ovaX0.debug.temp.o
 .debug_str     0x0000000000000000      0x2bf C:\Users\bklu\AppData\Local\Temp\cc8ovaX0.debug.temp.o
 .debug_line_str
                0x0000000000000000      0x220 C:\Users\bklu\AppData\Local\Temp\cc8ovaX0.debug.temp.o
 .comment       0x0000000000000000       0x32 C:\Users\bklu\AppData\Local\Temp\cc8ovaX0.debug.temp.o
 .comment       0x0000000000000000       0x32 C:\Users\bklu\AppData\Local\Temp\ccKzymkE.debug.temp.o
 .debug_info    0x0000000000000000      0x1a6 C:\Users\bklu\AppData\Local\Temp\ccGEfrPh.debug.temp.o
 .debug_abbrev  0x0000000000000000       0xf9 C:\Users\bklu\AppData\Local\Temp\ccGEfrPh.debug.temp.o
 .debug_line    0x0000000000000000       0x63 C:\Users\bklu\AppData\Local\Temp\ccGEfrPh.debug.temp.o
 .debug_str     0x0000000000000000      0x234 C:\Users\bklu\AppData\Local\Temp\ccGEfrPh.debug.temp.o
 .debug_line_str
                0x0000000000000000      0x22d C:\Users\bklu\AppData\Local\Temp\ccGEfrPh.debug.temp.o
 .comment       0x0000000000000000       0x32 C:\Users\bklu\AppData\Local\Temp\ccGEfrPh.debug.temp.o
 .debug_info    0x0000000000000000      0x481 C:\Users\bklu\AppData\Local\Temp\ccaJ7dqV.debug.temp.o
 .debug_abbrev  0x0000000000000000      0x182 C:\Users\bklu\AppData\Local\Temp\ccaJ7dqV.debug.temp.o
 .debug_line    0x0000000000000000       0x63 C:\Users\bklu\AppData\Local\Temp\ccaJ7dqV.debug.temp.o
 .debug_str     0x0000000000000000      0x3a7 C:\Users\bklu\AppData\Local\Temp\ccaJ7dqV.debug.temp.o
 .debug_line_str
                0x0000000000000000      0x22d C:\Users\bklu\AppData\Local\Temp\ccaJ7dqV.debug.temp.o
 .comment       0x0000000000000000       0x32 C:\Users\bklu\AppData\Local\Temp\ccaJ7dqV.debug.temp.o
 .comment       0x0000000000000000       0x32 C:\Users\bklu\AppData\Local\Temp\cc8UXD8y.debug.temp.o
 .debug_info    0x0000000000000000      0x5ca C:\Users\bklu\AppData\Local\Temp\cc0vIz6b.debug.temp.o
 .debug_abbrev  0x0000000000000000      0x174 C:\Users\bklu\AppData\Local\Temp\cc0vIz6b.debug.temp.o
 .debug_line    0x0000000000000000       0x68 C:\Users\bklu\AppData\Local\Temp\cc0vIz6b.debug.temp.o
 .debug_str     0x0000000000000000      0x500 C:\Users\bklu\AppData\Local\Temp\cc0vIz6b.debug.temp.o
 .debug_line_str
                0x0000000000000000      0x23c C:\Users\bklu\AppData\Local\Temp\cc0vIz6b.debug.temp.o
 .comment       0x0000000000000000       0x32 C:\Users\bklu\AppData\Local\Temp\cc0vIz6b.debug.temp.o
 .comment       0x0000000000000000       0x32 C:\Users\bklu\AppData\Local\Temp\ccIlPB8O.debug.temp.o
 .debug_info    0x0000000000000000      0x7b6 C:\Users\bklu\AppData\Local\Temp\ccCdIZgs.debug.temp.o
 .debug_abbrev  0x0000000000000000      0x184 C:\Users\bklu\AppData\Local\Temp\ccCdIZgs.debug.temp.o
 .debug_line    0x0000000000000000       0x68 C:\Users\bklu\AppData\Local\Temp\ccCdIZgs.debug.temp.o
 .debug_str     0x0000000000000000      0x6c5 C:\Users\bklu\AppData\Local\Temp\ccCdIZgs.debug.temp.o
 .debug_line_str
                0x0000000000000000      0x242 C:\Users\bklu\AppData\Local\Temp\ccCdIZgs.debug.temp.o
 .comment       0x0000000000000000       0x32 C:\Users\bklu\AppData\Local\Temp\ccCdIZgs.debug.temp.o
 .debug_info    0x0000000000000000      0x1c6 C:\Users\bklu\AppData\Local\Temp\ccIZOdB4.debug.temp.o
 .debug_abbrev  0x0000000000000000      0x10d C:\Users\bklu\AppData\Local\Temp\ccIZOdB4.debug.temp.o
 .debug_line    0x0000000000000000       0x63 C:\Users\bklu\AppData\Local\Temp\ccIZOdB4.debug.temp.o
 .debug_str     0x0000000000000000      0x288 C:\Users\bklu\AppData\Local\Temp\ccIZOdB4.debug.temp.o
 .debug_line_str
                0x0000000000000000      0x22f C:\Users\bklu\AppData\Local\Temp\ccIZOdB4.debug.temp.o
 .comment       0x0000000000000000       0x32 C:\Users\bklu\AppData\Local\Temp\ccIZOdB4.debug.temp.o
 .comment       0x0000000000000000       0x32 C:\Users\bklu\AppData\Local\Temp\ccYMt41G.debug.temp.o
 .debug_info    0x0000000000000000      0x217 C:\Users\bklu\AppData\Local\Temp\ccm4VFzj.debug.temp.o
 .debug_abbrev  0x0000000000000000       0xbb C:\Users\bklu\AppData\Local\Temp\ccm4VFzj.debug.temp.o
 .debug_line    0x0000000000000000       0x4c C:\Users\bklu\AppData\Local\Temp\ccm4VFzj.debug.temp.o
 .debug_str     0x0000000000000000      0x24c C:\Users\bklu\AppData\Local\Temp\ccm4VFzj.debug.temp.o
 .debug_line_str
                0x0000000000000000      0x180 C:\Users\bklu\AppData\Local\Temp\ccm4VFzj.debug.temp.o
 .comment       0x0000000000000000       0x32 C:\Users\bklu\AppData\Local\Temp\ccm4VFzj.debug.temp.o
 .text          0x0000000000000000        0x0 ./Startup/startup_ch32v00x.o
 .data          0x0000000000000000        0x0 ./Startup/startup_ch32v00x.o
 .bss           0x0000000000000000        0x0 ./Startup/startup_ch32v00x.o
 .data          0x0000000000000000        0x0 c:/mounriver/mounriver_studio/toolchain/risc-v embedded gcc12/bin/../lib/gcc/riscv-none-elf/12.2.0/rv32ec_xw/ilp32e\libgcc.a(save-restore.o)
 .bss           0x0000000000000000        0x0 c:/mounriver/mounriver_studio/toolchain/risc-v embedded gcc12/bin/../lib/gcc/riscv-none-elf/12.2.0/rv32ec_xw/ilp32e\libgcc.a(save-restore.o)
 .eh_frame      0x0000000000000000       0x68 c:/mounriver/mounriver_studio/toolchain/risc-v embedded gcc12/bin/../lib/gcc/riscv-none-elf/12.2.0/rv32ec_xw/ilp32e\libgcc.a(save-restore.o)
 .data          0x0000000000000000        0x0 c:/mounriver/mounriver_studio/toolchain/risc-v embedded gcc12/bin/../lib/gcc/riscv-none-elf/12.2.0/rv32ec_xw/ilp32e\libgcc.a(div.o)
 .bss           0x0000000000000000        0x0 c:/mounriver/mounriver_studio/toolchain/risc-v embedded gcc12/bin/../lib/gcc/riscv-none-elf/12.2.0/rv32ec_xw/ilp32e\libgcc.a(div.o)

Memory Configuration

Name             Origin             Length             Attributes
FLASH            0x0000000000000000 0x0000000000004000 xr
RAM              0x0000000020000000 0x0000000000000800 xrw
*default*        0x0000000000000000 0xffffffffffffffff

Linker script and memory map

LOAD ./User/ch32v00x_it.o
LOAD C:\Users\bklu\AppData\Local\Temp\ccESStXz.ltrans0.ltrans.o
LOAD C:\Users\bklu\AppData\Local\Temp\cc03J7fB.debug.temp.o
LOAD C:\Users\bklu\AppData\Local\Temp\ccEP97Dc.debug.temp.o
LOAD C:\Users\bklu\AppData\Local\Temp\ccCBKadN.debug.temp.o
LOAD C:\Users\bklu\AppData\Local\Temp\ccQzL7Sn.debug.temp.o
LOAD C:\Users\bklu\AppData\Local\Temp\ccoYW5GY.debug.temp.o
LOAD C:\Users\bklu\AppData\Local\Temp\ccIrKsJy.debug.temp.o
LOAD C:\Users\bklu\AppData\Local\Temp\ccASFgR8.debug.temp.o
LOAD C:\Users\bklu\AppData\Local\Temp\ccG0jo6I.debug.temp.o
LOAD C:\Users\bklu\AppData\Local\Temp\ccijPGii.debug.temp.o
LOAD C:\Users\bklu\AppData\Local\Temp\cciamyHR.debug.temp.o
LOAD C:\Users\bklu\AppData\Local\Temp\ccI4ljer.debug.temp.o
LOAD C:\Users\bklu\AppData\Local\Temp\cc8ovaX0.debug.temp.o
LOAD C:\Users\bklu\AppData\Local\Temp\ccKzymkE.debug.temp.o
LOAD C:\Users\bklu\AppData\Local\Temp\ccGEfrPh.debug.temp.o
LOAD C:\Users\bklu\AppData\Local\Temp\ccaJ7dqV.debug.temp.o
LOAD C:\Users\bklu\AppData\Local\Temp\cc8UXD8y.debug.temp.o
LOAD C:\Users\bklu\AppData\Local\Temp\cc0vIz6b.debug.temp.o
LOAD C:\Users\bklu\AppData\Local\Temp\ccIlPB8O.debug.temp.o
LOAD C:\Users\bklu\AppData\Local\Temp\ccCdIZgs.debug.temp.o
LOAD C:\Users\bklu\AppData\Local\Temp\ccIZOdB4.debug.temp.o
LOAD C:\Users\bklu\AppData\Local\Temp\ccYMt41G.debug.temp.o
LOAD C:\Users\bklu\AppData\Local\Temp\ccm4VFzj.debug.temp.o
LOAD ./User/init.o
LOAD ./User/main.o
LOAD ./User/system_ch32v00x.o
LOAD ./Startup/startup_ch32v00x.o
LOAD ./Peripheral/src/ch32v00x_adc.o
LOAD ./Peripheral/src/ch32v00x_dbgmcu.o
LOAD ./Peripheral/src/ch32v00x_dma.o
LOAD ./Peripheral/src/ch32v00x_exti.o
LOAD ./Peripheral/src/ch32v00x_flash.o
LOAD ./Peripheral/src/ch32v00x_gpio.o
LOAD ./Peripheral/src/ch32v00x_i2c.o
LOAD ./Peripheral/src/ch32v00x_iwdg.o
LOAD ./Peripheral/src/ch32v00x_misc.o
LOAD ./Peripheral/src/ch32v00x_opa.o
LOAD ./Peripheral/src/ch32v00x_pwr.o
LOAD ./Peripheral/src/ch32v00x_rcc.o
LOAD ./Peripheral/src/ch32v00x_spi.o
LOAD ./Peripheral/src/ch32v00x_tim.o
LOAD ./Peripheral/src/ch32v00x_usart.o
LOAD ./Peripheral/src/ch32v00x_wwdg.o
LOAD ./Debug/debug.o
LOAD ./Core/core_riscv.o
LOAD c:/mounriver/mounriver_studio/toolchain/risc-v embedded gcc12/bin/../lib/gcc/riscv-none-elf/12.2.0/../../../../riscv-none-elf/lib/rv32ec_xw/ilp32e\libprintf.a
LOAD c:/mounriver/mounriver_studio/toolchain/risc-v embedded gcc12/bin/../lib/gcc/riscv-none-elf/12.2.0/rv32ec_xw/ilp32e\libgcc.a
LOAD c:/mounriver/mounriver_studio/toolchain/risc-v embedded gcc12/bin/../lib/gcc/riscv-none-elf/12.2.0/../../../../riscv-none-elf/lib/rv32ec_xw/ilp32e\libg_nano.a
LOAD c:/mounriver/mounriver_studio/toolchain/risc-v embedded gcc12/bin/../lib/gcc/riscv-none-elf/12.2.0/../../../../riscv-none-elf/lib/rv32ec_xw/ilp32e\libc_nano.a
LOAD c:/mounriver/mounriver_studio/toolchain/risc-v embedded gcc12/bin/../lib/gcc/riscv-none-elf/12.2.0/rv32ec_xw/ilp32e\libgcc.a
START GROUP
LOAD c:/mounriver/mounriver_studio/toolchain/risc-v embedded gcc12/bin/../lib/gcc/riscv-none-elf/12.2.0/rv32ec_xw/ilp32e\libgcc.a
LOAD c:/mounriver/mounriver_studio/toolchain/risc-v embedded gcc12/bin/../lib/gcc/riscv-none-elf/12.2.0/../../../../riscv-none-elf/lib/rv32ec_xw/ilp32e\libc_nano.a
LOAD c:/mounriver/mounriver_studio/toolchain/risc-v embedded gcc12/bin/../lib/gcc/riscv-none-elf/12.2.0/../../../../riscv-none-elf/lib/rv32ec_xw/ilp32e\libnosys.a
END GROUP
START GROUP
LOAD c:/mounriver/mounriver_studio/toolchain/risc-v embedded gcc12/bin/../lib/gcc/riscv-none-elf/12.2.0/rv32ec_xw/ilp32e\libgcc.a
LOAD c:/mounriver/mounriver_studio/toolchain/risc-v embedded gcc12/bin/../lib/gcc/riscv-none-elf/12.2.0/../../../../riscv-none-elf/lib/rv32ec_xw/ilp32e\libc_nano.a
LOAD c:/mounriver/mounriver_studio/toolchain/risc-v embedded gcc12/bin/../lib/gcc/riscv-none-elf/12.2.0/../../../../riscv-none-elf/lib/rv32ec_xw/ilp32e\libnosys.a
END GROUP
                0x0000000000000100                __stack_size = 0x100
                [!provide]                        PROVIDE (_stack_size = __stack_size)

.init           0x0000000000000000       0xa0
                0x0000000000000000                _sinit = .
                0x0000000000000000                . = ALIGN (0x4)
 *(SORT_NONE(.init))
 .init          0x0000000000000000       0x9e ./Startup/startup_ch32v00x.o
                0x0000000000000000                _start
                0x00000000000000a0                . = ALIGN (0x4)
 *fill*         0x000000000000009e        0x2 
                0x00000000000000a0                _einit = .

.text           0x00000000000000a0      0xc6c
                0x00000000000000a0                . = ALIGN (0x4)
 *(.text)
 .text          0x00000000000000a0       0x14 c:/mounriver/mounriver_studio/toolchain/risc-v embedded gcc12/bin/../lib/gcc/riscv-none-elf/12.2.0/rv32ec_xw/ilp32e\libgcc.a(save-restore.o)
                0x00000000000000a0                __riscv_save_1
                0x00000000000000a0                __riscv_save_2
                0x00000000000000a0                __riscv_save_0
                0x00000000000000aa                __riscv_restore_0
                0x00000000000000aa                __riscv_restore_1
                0x00000000000000aa                __riscv_restore_2
 .text          0x00000000000000b4       0x7e c:/mounriver/mounriver_studio/toolchain/risc-v embedded gcc12/bin/../lib/gcc/riscv-none-elf/12.2.0/rv32ec_xw/ilp32e\libgcc.a(div.o)
                0x00000000000000b4                __divsi3
                0x00000000000000bc                __udivsi3
                0x00000000000000bc                __hidden___udivsi3
                0x00000000000000e8                __umodsi3
                0x000000000000010c                __modsi3
 *(.text.*)
 .text.IIC_TX   0x0000000000000132      0x106 C:\Users\bklu\AppData\Local\Temp\ccESStXz.ltrans0.ltrans.o
 .text.nof_hour
                0x0000000000000238       0x2c C:\Users\bklu\AppData\Local\Temp\ccESStXz.ltrans0.ltrans.o
 .text.change_hr
                0x0000000000000264       0x46 C:\Users\bklu\AppData\Local\Temp\ccESStXz.ltrans0.ltrans.o
 .text.GPIO_Init
                0x00000000000002aa       0xd4 C:\Users\bklu\AppData\Local\Temp\ccESStXz.ltrans0.ltrans.o
 .text.NMI_Handler
                0x000000000000037e        0x2 C:\Users\bklu\AppData\Local\Temp\ccESStXz.ltrans0.ltrans.o
                0x000000000000037e                NMI_Handler
 .text.HardFault_Handler
                0x0000000000000380        0x2 C:\Users\bklu\AppData\Local\Temp\ccESStXz.ltrans0.ltrans.o
                0x0000000000000380                HardFault_Handler
 .text.TIM1_UP_IRQHandler
                0x0000000000000382       0x18 C:\Users\bklu\AppData\Local\Temp\ccESStXz.ltrans0.ltrans.o
                0x0000000000000382                TIM1_UP_IRQHandler
 .text.startup.main
                0x000000000000039a      0x850 C:\Users\bklu\AppData\Local\Temp\ccESStXz.ltrans0.ltrans.o
                0x000000000000039a                main
 .text.SystemInit
                0x0000000000000bea       0x86 C:\Users\bklu\AppData\Local\Temp\ccESStXz.ltrans0.ltrans.o
                0x0000000000000bea                SystemInit
 *fill*         0x0000000000000c70        0x0 
 .text.consts   0x0000000000000c70       0x12 C:\Users\bklu\AppData\Local\Temp\ccESStXz.ltrans0.ltrans.o
 .text.vector_handler
                0x0000000000000c82        0x2 ./Startup/startup_ch32v00x.o
                0x0000000000000c82                TIM1_CC_IRQHandler
                0x0000000000000c82                SysTick_Handler
                0x0000000000000c82                PVD_IRQHandler
                0x0000000000000c82                SPI1_IRQHandler
                0x0000000000000c82                AWU_IRQHandler
                0x0000000000000c82                EXTI7_0_IRQHandler
                0x0000000000000c82                DMA1_Channel4_IRQHandler
                0x0000000000000c82                ADC1_IRQHandler
                0x0000000000000c82                DMA1_Channel7_IRQHandler
                0x0000000000000c82                I2C1_EV_IRQHandler
                0x0000000000000c82                DMA1_Channel6_IRQHandler
                0x0000000000000c82                RCC_IRQHandler
                0x0000000000000c82                TIM1_TRG_COM_IRQHandler
                0x0000000000000c82                DMA1_Channel1_IRQHandler
                0x0000000000000c82                DMA1_Channel5_IRQHandler
                0x0000000000000c82                DMA1_Channel3_IRQHandler
                0x0000000000000c82                WWDG_IRQHandler
                0x0000000000000c82                TIM2_IRQHandler
                0x0000000000000c82                SW_Handler
                0x0000000000000c82                TIM1_BRK_IRQHandler
                0x0000000000000c82                DMA1_Channel2_IRQHandler
                0x0000000000000c82                FLASH_IRQHandler
                0x0000000000000c82                USART1_IRQHandler
                0x0000000000000c82                I2C1_ER_IRQHandler
 .text.handle_reset
                0x0000000000000c84       0x86 ./Startup/startup_ch32v00x.o
                0x0000000000000c84                handle_reset
 *(.rodata)
 *(.rodata*)
 *(.gnu.linkonce.t.*)
                0x0000000000000d0c                . = ALIGN (0x4)
 *fill*         0x0000000000000d0a        0x2 

.rela.dyn       0x0000000000000d0c        0x0
 .rela.init     0x0000000000000d0c        0x0 ./Startup/startup_ch32v00x.o
 .rela.text.handle_reset
                0x0000000000000d0c        0x0 ./Startup/startup_ch32v00x.o

.fini           0x0000000000000d0c        0x0
 *(SORT_NONE(.fini))
                0x0000000000000d0c                . = ALIGN (0x4)
                [!provide]                        PROVIDE (_etext = .)
                [!provide]                        PROVIDE (_eitcm = .)

.preinit_array  0x0000000000000d0c        0x0
                [!provide]                        PROVIDE (__preinit_array_start = .)
 *(.preinit_array)
                [!provide]                        PROVIDE (__preinit_array_end = .)

.init_array     0x0000000000000d0c        0x0
                [!provide]                        PROVIDE (__init_array_start = .)
 *(SORT_BY_INIT_PRIORITY(.init_array.*) SORT_BY_INIT_PRIORITY(.ctors.*))
 *(.init_array EXCLUDE_FILE(*crtend?.o *crtend.o *crtbegin?.o *crtbegin.o) .ctors)
                [!provide]                        PROVIDE (__init_array_end = .)

.fini_array     0x0000000000000d0c        0x0
                [!provide]                        PROVIDE (__fini_array_start = .)
 *(SORT_BY_INIT_PRIORITY(.fini_array.*) SORT_BY_INIT_PRIORITY(.dtors.*))
 *(.fini_array EXCLUDE_FILE(*crtend?.o *crtend.o *crtbegin?.o *crtbegin.o) .dtors)
                [!provide]                        PROVIDE (__fini_array_end = .)

.ctors
 *crtbegin.o(.ctors)
 *crtbegin?.o(.ctors)
 *(EXCLUDE_FILE(*crtend?.o *crtend.o) .ctors)
 *(SORT_BY_NAME(.ctors.*))
 *(.ctors)

.dtors
 *crtbegin.o(.dtors)
 *crtbegin?.o(.dtors)
 *(EXCLUDE_FILE(*crtend?.o *crtend.o) .dtors)
 *(SORT_BY_NAME(.dtors.*))
 *(.dtors)

.dalign         0x0000000020000000        0x0 load address 0x0000000000000d0c
                0x0000000020000000                . = ALIGN (0x4)
                0x0000000020000000                PROVIDE (_data_vma = .)

.dlalign        0x0000000000000d0c        0x0
                0x0000000000000d0c                . = ALIGN (0x4)
                0x0000000000000d0c                PROVIDE (_data_lma = .)

.data           0x0000000020000000       0x38 load address 0x0000000000000d0c
                0x0000000020000000                . = ALIGN (0x4)
 *(.gnu.linkonce.r.*)
 *(.data .data.*)
 .data.AHBPrescTable
                0x0000000020000000       0x10 C:\Users\bklu\AppData\Local\Temp\ccESStXz.ltrans0.ltrans.o
 .data.SystemCoreClock
                0x0000000020000010        0x4 C:\Users\bklu\AppData\Local\Temp\ccESStXz.ltrans0.ltrans.o
 .data.ADCPrescTable
                0x0000000020000014       0x14 C:\Users\bklu\AppData\Local\Temp\ccESStXz.ltrans0.ltrans.o
 .data.APBAHBPrescTable
                0x0000000020000028       0x10 C:\Users\bklu\AppData\Local\Temp\ccESStXz.ltrans0.ltrans.o
 *(.gnu.linkonce.d.*)
                0x0000000020000038                . = ALIGN (0x8)
                0x0000000020000838                PROVIDE (__global_pointer$ = (. + 0x800))
 *(.sdata .sdata.*)
 *(.sdata2*)
 *(.gnu.linkonce.s.*)
                0x0000000020000038                . = ALIGN (0x8)
 *(.srodata.cst16)
 *(.srodata.cst8)
 *(.srodata.cst4)
 *(.srodata.cst2)
 *(.srodata .srodata.*)
                0x0000000020000038                . = ALIGN (0x4)
                0x0000000020000038                PROVIDE (_edata = .)

.bss            0x0000000020000038       0x28 load address 0x0000000000000d44
                0x0000000020000038                . = ALIGN (0x4)
                0x0000000020000038                PROVIDE (_sbss = .)
 *(.sbss*)
 *(.gnu.linkonce.sb.*)
 *(.bss*)
 .bss.last_upd_bcd
                0x0000000020000038        0x1 C:\Users\bklu\AppData\Local\Temp\ccESStXz.ltrans0.ltrans.o
 *fill*         0x0000000020000039        0x3 
 .bss.last_chd  0x000000002000003c        0x4 C:\Users\bklu\AppData\Local\Temp\ccESStXz.ltrans0.ltrans.o
 .bss.chd       0x0000000020000040        0x4 C:\Users\bklu\AppData\Local\Temp\ccESStXz.ltrans0.ltrans.o
 .bss.hr_sm     0x0000000020000044        0x4 C:\Users\bklu\AppData\Local\Temp\ccESStXz.ltrans0.ltrans.o
 .bss.ssm_ct    0x0000000020000048        0x4 C:\Users\bklu\AppData\Local\Temp\ccESStXz.ltrans0.ltrans.o
 .bss.ssmOut    0x000000002000004c        0x4 C:\Users\bklu\AppData\Local\Temp\ccESStXz.ltrans0.ltrans.o
 .bss.hr_dir    0x0000000020000050        0x1 C:\Users\bklu\AppData\Local\Temp\ccESStXz.ltrans0.ltrans.o
 *fill*         0x0000000020000051        0x3 
 .bss.bcd       0x0000000020000054        0x6 C:\Users\bklu\AppData\Local\Temp\ccESStXz.ltrans0.ltrans.o
 *fill*         0x000000002000005a        0x2 
 .bss.t1_count  0x000000002000005c        0x4 C:\Users\bklu\AppData\Local\Temp\ccESStXz.ltrans0.ltrans.o
 *(.gnu.linkonce.b.*)
 *(COMMON*)
                0x0000000020000060                . = ALIGN (0x4)
                0x0000000020000060                PROVIDE (_ebss = .)
                0x0000000020000060                PROVIDE (_end = _ebss)
                [!provide]                        PROVIDE (end = .)

.stack          0x0000000020000700      0x100
                0x0000000020000700                PROVIDE (_heap_end = .)
                0x0000000020000700                . = ALIGN (0x4)
                [!provide]                        PROVIDE (_susrstack = .)
                0x0000000020000800                . = (. + __stack_size)
 *fill*         0x0000000020000700      0x100 
                0x0000000020000800                PROVIDE (_eusrstack = .)
OUTPUT(wall_clock_controller.elf elf32-littleriscv)

.debug_info     0x0000000000000000     0x5a2e
 .debug_info    0x0000000000000000      0xe50 C:\Users\bklu\AppData\Local\Temp\ccESStXz.ltrans0.ltrans.o
 .debug_info    0x0000000000000e50      0x2bb C:\Users\bklu\AppData\Local\Temp\cc03J7fB.debug.temp.o
                0x0000000000000e50                ch32v00x_it.c.a0d08b8c
 .debug_info    0x000000000000110b      0xa19 C:\Users\bklu\AppData\Local\Temp\ccEP97Dc.debug.temp.o
                0x000000000000110b                init.c.61da6ecb
 .debug_info    0x0000000000001b24      0xa4a C:\Users\bklu\AppData\Local\Temp\ccCBKadN.debug.temp.o
                0x0000000000001b24                main.c.2197234b
 .debug_info    0x000000000000256e      0x2a0 C:\Users\bklu\AppData\Local\Temp\ccQzL7Sn.debug.temp.o
                0x000000000000256e                system_ch32v00x.c.5b7a9414
 .debug_info    0x000000000000280e      0x532 C:\Users\bklu\AppData\Local\Temp\cciamyHR.debug.temp.o
                0x000000000000280e                ch32v00x_gpio.c.8499f695
 .debug_info    0x0000000000002d40      0x86d C:\Users\bklu\AppData\Local\Temp\ccI4ljer.debug.temp.o
                0x0000000000002d40                ch32v00x_i2c.c.fd94a83c
 .debug_info    0x00000000000035ad      0x474 C:\Users\bklu\AppData\Local\Temp\ccKzymkE.debug.temp.o
                0x00000000000035ad                ch32v00x_misc.c.c3cbea77
 .debug_info    0x0000000000003a21      0x59a C:\Users\bklu\AppData\Local\Temp\cc8UXD8y.debug.temp.o
                0x0000000000003a21                ch32v00x_rcc.c.64ddd4de
 .debug_info    0x0000000000003fbb     0x152b C:\Users\bklu\AppData\Local\Temp\ccIlPB8O.debug.temp.o
                0x0000000000003fbb                ch32v00x_tim.c.4883fbf6
 .debug_info    0x00000000000054e6      0x525 C:\Users\bklu\AppData\Local\Temp\ccYMt41G.debug.temp.o
                0x00000000000054e6                debug.c.2a93a04d
 .debug_info    0x0000000000005a0b       0x23 ./Startup/startup_ch32v00x.o

.debug_abbrev   0x0000000000000000     0x112e
 .debug_abbrev  0x0000000000000000      0x176 C:\Users\bklu\AppData\Local\Temp\ccESStXz.ltrans0.ltrans.o
 .debug_abbrev  0x0000000000000176       0xda C:\Users\bklu\AppData\Local\Temp\cc03J7fB.debug.temp.o
 .debug_abbrev  0x0000000000000250      0x1b8 C:\Users\bklu\AppData\Local\Temp\ccEP97Dc.debug.temp.o
 .debug_abbrev  0x0000000000000408      0x2e8 C:\Users\bklu\AppData\Local\Temp\ccCBKadN.debug.temp.o
 .debug_abbrev  0x00000000000006f0      0x12c C:\Users\bklu\AppData\Local\Temp\ccQzL7Sn.debug.temp.o
 .debug_abbrev  0x000000000000081c      0x176 C:\Users\bklu\AppData\Local\Temp\cciamyHR.debug.temp.o
 .debug_abbrev  0x0000000000000992      0x14e C:\Users\bklu\AppData\Local\Temp\ccI4ljer.debug.temp.o
 .debug_abbrev  0x0000000000000ae0      0x164 C:\Users\bklu\AppData\Local\Temp\ccKzymkE.debug.temp.o
 .debug_abbrev  0x0000000000000c44      0x192 C:\Users\bklu\AppData\Local\Temp\cc8UXD8y.debug.temp.o
 .debug_abbrev  0x0000000000000dd6      0x1a8 C:\Users\bklu\AppData\Local\Temp\ccIlPB8O.debug.temp.o
 .debug_abbrev  0x0000000000000f7e      0x19e C:\Users\bklu\AppData\Local\Temp\ccYMt41G.debug.temp.o
 .debug_abbrev  0x000000000000111c       0x12 ./Startup/startup_ch32v00x.o

.debug_loclists
                0x0000000000000000     0x12aa
 .debug_loclists
                0x0000000000000000     0x12aa C:\Users\bklu\AppData\Local\Temp\ccESStXz.ltrans0.ltrans.o

.debug_aranges  0x0000000000000000       0xa0
 .debug_aranges
                0x0000000000000000       0x70 C:\Users\bklu\AppData\Local\Temp\ccESStXz.ltrans0.ltrans.o
 .debug_aranges
                0x0000000000000070       0x30 ./Startup/startup_ch32v00x.o

.debug_rnglists
                0x0000000000000000      0x376
 .debug_rnglists
                0x0000000000000000      0x355 C:\Users\bklu\AppData\Local\Temp\ccESStXz.ltrans0.ltrans.o
 .debug_rnglists
                0x0000000000000355       0x21 ./Startup/startup_ch32v00x.o

.debug_line     0x0000000000000000     0x2845
 .debug_line    0x0000000000000000     0x22f9 C:\Users\bklu\AppData\Local\Temp\ccESStXz.ltrans0.ltrans.o
 .debug_line    0x00000000000022f9       0x6c C:\Users\bklu\AppData\Local\Temp\cc03J7fB.debug.temp.o
 .debug_line    0x0000000000002365       0x72 C:\Users\bklu\AppData\Local\Temp\ccEP97Dc.debug.temp.o
 .debug_line    0x00000000000023d7       0x80 C:\Users\bklu\AppData\Local\Temp\ccCBKadN.debug.temp.o
 .debug_line    0x0000000000002457       0x63 C:\Users\bklu\AppData\Local\Temp\ccQzL7Sn.debug.temp.o
 .debug_line    0x00000000000024ba       0x68 C:\Users\bklu\AppData\Local\Temp\cciamyHR.debug.temp.o
 .debug_line    0x0000000000002522       0x68 C:\Users\bklu\AppData\Local\Temp\ccI4ljer.debug.temp.o
 .debug_line    0x000000000000258a       0x63 C:\Users\bklu\AppData\Local\Temp\ccKzymkE.debug.temp.o
 .debug_line    0x00000000000025ed       0x63 C:\Users\bklu\AppData\Local\Temp\cc8UXD8y.debug.temp.o
 .debug_line    0x0000000000002650       0x68 C:\Users\bklu\AppData\Local\Temp\ccIlPB8O.debug.temp.o
 .debug_line    0x00000000000026b8       0x7f C:\Users\bklu\AppData\Local\Temp\ccYMt41G.debug.temp.o
 .debug_line    0x0000000000002737      0x10e ./Startup/startup_ch32v00x.o

.debug_str      0x0000000000000000     0x1fcc
 .debug_str     0x0000000000000000      0x138 C:\Users\bklu\AppData\Local\Temp\ccESStXz.ltrans0.ltrans.o
                                        0x145 (size before relaxing)
 .debug_str     0x0000000000000138      0x29c C:\Users\bklu\AppData\Local\Temp\cc03J7fB.debug.temp.o
                                        0x2f3 (size before relaxing)
 .debug_str     0x00000000000003d4      0x561 C:\Users\bklu\AppData\Local\Temp\ccEP97Dc.debug.temp.o
                                        0x836 (size before relaxing)
 .debug_str     0x0000000000000935      0x254 C:\Users\bklu\AppData\Local\Temp\ccCBKadN.debug.temp.o
                                        0x63c (size before relaxing)
 .debug_str     0x0000000000000b89       0xe5 C:\Users\bklu\AppData\Local\Temp\ccQzL7Sn.debug.temp.o
                                        0x2de (size before relaxing)
 .debug_str     0x0000000000000c6e      0x1c7 C:\Users\bklu\AppData\Local\Temp\cciamyHR.debug.temp.o
                                        0x50f (size before relaxing)
 .debug_str     0x0000000000000e35      0x2fd C:\Users\bklu\AppData\Local\Temp\ccI4ljer.debug.temp.o
                                        0x679 (size before relaxing)
 .debug_str     0x0000000000001132       0xf5 C:\Users\bklu\AppData\Local\Temp\ccKzymkE.debug.temp.o
                                        0x4d1 (size before relaxing)
 .debug_str     0x0000000000001227      0x208 C:\Users\bklu\AppData\Local\Temp\cc8UXD8y.debug.temp.o
                                        0x578 (size before relaxing)
 .debug_str     0x000000000000142f      0x9cb C:\Users\bklu\AppData\Local\Temp\ccIlPB8O.debug.temp.o
                                        0xe32 (size before relaxing)
 .debug_str     0x0000000000001dfa      0x14d C:\Users\bklu\AppData\Local\Temp\ccYMt41G.debug.temp.o
                                        0x4dc (size before relaxing)
 .debug_str     0x0000000000001f47       0x85 ./Startup/startup_ch32v00x.o

.debug_line_str
                0x0000000000000000      0x56f
 .debug_line_str
                0x0000000000000000       0xc3 C:\Users\bklu\AppData\Local\Temp\ccESStXz.ltrans0.ltrans.o
                                        0x1a5 (size before relaxing)
 .debug_line_str
                0x00000000000000c3      0x172 C:\Users\bklu\AppData\Local\Temp\cc03J7fB.debug.temp.o
                                        0x203 (size before relaxing)
 .debug_line_str
                0x0000000000000235       0x3d C:\Users\bklu\AppData\Local\Temp\ccEP97Dc.debug.temp.o
                                        0x1e3 (size before relaxing)
 .debug_line_str
                0x0000000000000272       0x28 C:\Users\bklu\AppData\Local\Temp\ccCBKadN.debug.temp.o
                                        0x22d (size before relaxing)
 .debug_line_str
                0x000000000000029a       0x1a C:\Users\bklu\AppData\Local\Temp\ccQzL7Sn.debug.temp.o
                                        0x1d0 (size before relaxing)
 .debug_line_str
                0x00000000000002b4       0x4c C:\Users\bklu\AppData\Local\Temp\cciamyHR.debug.temp.o
                                        0x23f (size before relaxing)
 .debug_line_str
                0x0000000000000300       0x4b C:\Users\bklu\AppData\Local\Temp\ccI4ljer.debug.temp.o
                                        0x23c (size before relaxing)
 .debug_line_str
                0x000000000000034b       0x5c C:\Users\bklu\AppData\Local\Temp\ccKzymkE.debug.temp.o
                                        0x230 (size before relaxing)
 .debug_line_str
                0x00000000000003a7       0x4b C:\Users\bklu\AppData\Local\Temp\cc8UXD8y.debug.temp.o
                                        0x22d (size before relaxing)
 .debug_line_str
                0x00000000000003f2       0x4b C:\Users\bklu\AppData\Local\Temp\ccIlPB8O.debug.temp.o
                                        0x23c (size before relaxing)
 .debug_line_str
                0x000000000000043d       0xb9 C:\Users\bklu\AppData\Local\Temp\ccYMt41G.debug.temp.o
                                        0x2df (size before relaxing)
 .debug_line_str
                0x00000000000004f6       0x79 ./Startup/startup_ch32v00x.o
                                         0x8c (size before relaxing)

.comment        0x0000000000000000       0x31
 .comment       0x0000000000000000       0x31 C:\Users\bklu\AppData\Local\Temp\ccESStXz.ltrans0.ltrans.o
                                         0x32 (size before relaxing)

.riscv.attributes
                0x0000000000000000       0x2b
 .riscv.attributes
                0x0000000000000000       0x2b C:\Users\bklu\AppData\Local\Temp\ccESStXz.ltrans0.ltrans.o
 .riscv.attributes
                0x000000000000002b       0x29 ./Startup/startup_ch32v00x.o
 .riscv.attributes
                0x0000000000000054       0x25 c:/mounriver/mounriver_studio/toolchain/risc-v embedded gcc12/bin/../lib/gcc/riscv-none-elf/12.2.0/rv32ec_xw/ilp32e\libgcc.a(save-restore.o)
 .riscv.attributes
                0x0000000000000079       0x25 c:/mounriver/mounriver_studio/toolchain/risc-v embedded gcc12/bin/../lib/gcc/riscv-none-elf/12.2.0/rv32ec_xw/ilp32e\libgcc.a(div.o)

.debug_frame    0x0000000000000000       0xec
 .debug_frame   0x0000000000000000       0xec C:\Users\bklu\AppData\Local\Temp\ccESStXz.ltrans0.ltrans.o
